// Jest Snapshot v1, https://goo.gl/fbAQLP

exports[`Button renders correctly 1`] = `
<View
  accessibilityState={
    {
      "busy": undefined,
      "checked": undefined,
      "disabled": undefined,
      "expanded": undefined,
      "selected": undefined,
    }
  }
  accessibilityValue={
    {
      "max": undefined,
      "min": undefined,
      "now": undefined,
      "text": undefined,
    }
  }
  accessible={true}
  collapsable={false}
  focusable={true}
  onClick={[Function]}
  onResponderGrant={[Function]}
  onResponderMove={[Function]}
  onResponderRelease={[Function]}
  onResponderTerminate={[Function]}
  onResponderTerminationRequest={[Function]}
  onStartShouldSetResponder={[Function]}
  style={
    {
      "alignItems": "center",
      "backgroundColor": "#334FFA",
      "borderRadius": 10,
      "flex": 1,
      "opacity": 1,
      "padding": 10,
      "paddingVertical": 20,
    }
  }
>
  <Text
    style={
      [
        {
          "fontFamily": "Avenir-Regular",
        },
        {
          "color": "#FFFFFF",
          "fontFamily": "Avenir-Black",
        },
      ]
    }
  >
    Press me!
  </Text>
</View>
`;
