// Jest Snapshot v1, https://goo.gl/fbAQLP

exports[`ListItem renders correctly 1`] = `
<View
  accessibilityState={
    {
      "busy": undefined,
      "checked": undefined,
      "disabled": undefined,
      "expanded": undefined,
      "selected": undefined,
    }
  }
  accessibilityValue={
    {
      "max": undefined,
      "min": undefined,
      "now": undefined,
      "text": undefined,
    }
  }
  accessible={true}
  collapsable={false}
  focusable={true}
  onClick={[Function]}
  onResponderGrant={[Function]}
  onResponderMove={[Function]}
  onResponderRelease={[Function]}
  onResponderTerminate={[Function]}
  onResponderTerminationRequest={[Function]}
  onStartShouldSetResponder={[Function]}
  style={
    {
      "alignItems": "center",
      "borderRadius": 10,
      "flexDirection": "row",
      "marginBottom": 8,
      "opacity": 1,
    }
  }
>
  <Image
    source={
      {
        "uri": "https://example.com/image.jpg",
      }
    }
    style={
      {
        "borderRadius": 10,
        "height": 55,
        "marginRight": 11,
        "width": 55,
      }
    }
  />
  <View
    style={
      {
        "flex": 1,
      }
    }
  >
    <Text
      style={
        [
          {
            "fontFamily": "Avenir-Regular",
          },
          {
            "fontFamily": "Avenir-Black",
            "fontSize": 14,
            "lineHeight": 19,
            "marginBottom": 7,
          },
        ]
      }
      testID="product"
    >
      Test Product
    </Text>
    <Text
      style={
        [
          {
            "fontFamily": "Avenir-Regular",
          },
          {
            "fontSize": 12,
            "fontWeight": "400",
            "lineHeight": 16,
          },
        ]
      }
      testID="formattedDate"
    >
      09 de abril, 2022
    </Text>
  </View>
  <View
    style={
      {
        "alignItems": "center",
        "flexDirection": "row",
      }
    }
  >
    <View
      style={
        {
          "flexDirection": "row",
          "fontFamily": "Avenir-Black",
          "fontSize": 16,
          "lineHeight": 22,
          "marginRight": 17,
        }
      }
    >
      <Text
        style={
          [
            {
              "fontFamily": "Avenir-Regular",
            },
            [
              {
                "color": "#34C759",
              },
              {
                "fontFamily": "Avenir-Black",
              },
            ],
          ]
        }
        testID="icon"
      >
        +
      </Text>
      <Text
        style={
          [
            {
              "fontFamily": "Avenir-Regular",
            },
            {
              "fontFamily": "Avenir-Black",
            },
          ]
        }
        testID="points"
      >
        100
      </Text>
    </View>
    <View>
      <Text
        style={
          [
            {
              "fontFamily": "Avenir-Regular",
            },
            undefined,
          ]
        }
      >
        &gt;
      </Text>
    </View>
  </View>
</View>
`;
